%!Adobe-FontList 1.23
%Locale:0x404

%BeginFont
Handler:DirectoryHandler
FontType:Invalid
OutlineFileName:D:\41124Sandy\GitHub\MingBaiLab\Font\.DS_Store
FileModTime:1681780066
%EndFont

%BeginFont
Handler:DirectoryHandler
FontType:TrueType
FontName:DINCondensed-Light
FamilyName:DIN Condensed
StyleName:Light
FullName:DIN Condensed Light
MenuName:DIN Condensed Light
StyleBits:0
WritingScript:Roman
OutlineFileName:D:\41124Sandy\GitHub\MingBaiLab\Font\DINCondensed-Light.ttf
DataFormat:sfntData
hasSVG:no
VariableFontType:NonVariableFont
FileLength:113572
FileModTime:1681882585
WeightClass:400
WidthClass:3
AngleClass:0
NameArray:0,Mac,4,DIN Condensed Light
NameArray:0,Win,1,DIN Condensed Light
NameArray:0,Win,16,DIN Condensed
%EndFont

%BeginFont
Handler:DirectoryHandler
FontType:TrueType
FontName:DINCondensed-Regular
FamilyName:DIN Condensed
StyleName:Regular
FullName:DIN Condensed 
MenuName:DIN Condensed 
StyleBits:0
WritingScript:Roman
OutlineFileName:D:\41124Sandy\GitHub\MingBaiLab\Font\DINCondensed-Regular.ttf
DataFormat:sfntData
hasSVG:no
VariableFontType:NonVariableFont
FileLength:114220
FileModTime:1681882611
WeightClass:400
WidthClass:3
AngleClass:0
NameArray:0,Mac,4,DIN Condensed 
NameArray:0,Win,1,DIN Condensed 
NameArray:0,Win,16,DIN Condensed
%EndFont

%BeginFont
Handler:DirectoryHandler
FontType:Type1
FontName:DinKursivschriftEng
FamilyName:Din Kursivschrift
StyleName:Eng
FullName:Din Kursivschrift Eng
MenuName:Din Kursivschrift
StyleBits:0
WritingScript:Roman
OutlineFileName:D:\41124Sandy\GitHub\MingBaiLab\Font\din-kursivschrift-fonts\DINKursivschriftEng.otf
DataFormat:sfntData
UsesStandardEncoding:yes
isCFF:yes
hasSVG:no
VariableFontType:NonVariableFont
FileLength:86748
FileModTime:1681695638
WeightClass:400
WidthClass:5
AngleClass:0
NameArray:0,Mac,4,Din Kursivschrift Eng
NameArray:0,Win,1,Din Kursivschrift
%EndFont

%BeginFont
Handler:DirectoryHandler
FontType:Type1
FontName:DINPro-Black
FamilyName:DINPro
StyleName:Black
FullName:DINPro-Black
MenuName:DINPro-Black
StyleBits:0
WritingScript:Roman
OutlineFileName:D:\41124Sandy\GitHub\MingBaiLab\Font\din-kursivschrift-fonts\DINPro-Black.otf
DataFormat:sfntData
UsesStandardEncoding:yes
isCFF:yes
hasSVG:no
VariableFontType:NonVariableFont
FileLength:88940
FileModTime:1143593160
WeightClass:900
WidthClass:5
AngleClass:0
NameArray:0,Mac,4,DINPro-Black
NameArray:0,Win,1,DINPro-Black
NameArray:0,Win,16,DINPro
%EndFont

%BeginFont
Handler:DirectoryHandler
FontType:Type1
FontName:DINPro-Bold
FamilyName:DINPro
StyleName:Bold
FullName:DINPro-Bold
MenuName:DINPro-Bold
StyleBits:0
WritingScript:Roman
OutlineFileName:D:\41124Sandy\GitHub\MingBaiLab\Font\din-kursivschrift-fonts\DINPro-Bold.otf
DataFormat:sfntData
UsesStandardEncoding:yes
isCFF:yes
hasSVG:no
VariableFontType:NonVariableFont
FileLength:90228
FileModTime:1143593160
WeightClass:700
WidthClass:5
AngleClass:0
NameArray:0,Mac,4,DINPro-Bold
NameArray:0,Win,1,DINPro-Bold
NameArray:0,Win,16,DINPro
%EndFont

%BeginFont
Handler:DirectoryHandler
FontType:Type1
FontName:DINPro-Light
FamilyName:DINPro
StyleName:Light
FullName:DINPro-Light
MenuName:DINPro-Light
StyleBits:0
WritingScript:Roman
OutlineFileName:D:\41124Sandy\GitHub\MingBaiLab\Font\din-kursivschrift-fonts\DINPro-Light.otf
DataFormat:sfntData
UsesStandardEncoding:yes
isCFF:yes
hasSVG:no
VariableFontType:NonVariableFont
FileLength:88240
FileModTime:1143593160
WeightClass:300
WidthClass:5
AngleClass:0
NameArray:0,Mac,4,DINPro-Light
NameArray:0,Win,1,DINPro-Light
NameArray:0,Win,16,DINPro
%EndFont

%BeginFont
Handler:DirectoryHandler
FontType:Type1
FontName:DINPro-Medium
FamilyName:DINPro
StyleName:Medium
FullName:DINPro-Medium
MenuName:DINPro-Medium
StyleBits:0
WritingScript:Roman
OutlineFileName:D:\41124Sandy\GitHub\MingBaiLab\Font\din-kursivschrift-fonts\DINPro-Medium.otf
DataFormat:sfntData
UsesStandardEncoding:yes
isCFF:yes
hasSVG:no
VariableFontType:NonVariableFont
FileLength:89060
FileModTime:1143593160
WeightClass:500
WidthClass:5
AngleClass:0
NameArray:0,Mac,4,DINPro-Medium
NameArray:0,Win,1,DINPro-Medium
NameArray:0,Win,16,DINPro
%EndFont

%BeginFont
Handler:DirectoryHandler
FontType:Type1
FontName:DINPro-Regular
FamilyName:DINPro
StyleName:Regular
FullName:DINPro-Regular
MenuName:DINPro-Regular
StyleBits:0
WritingScript:Roman
OutlineFileName:D:\41124Sandy\GitHub\MingBaiLab\Font\din-kursivschrift-fonts\DINPro-Regular.otf
DataFormat:sfntData
UsesStandardEncoding:yes
isCFF:yes
hasSVG:no
VariableFontType:NonVariableFont
FileLength:87364
FileModTime:1143593160
WeightClass:400
WidthClass:5
AngleClass:0
NameArray:0,Mac,4,DINPro-Regular
NameArray:0,Win,1,DINPro-Regular
NameArray:0,Win,16,DINPro
%EndFont

%BeginFont
Handler:DirectoryHandler
FontType:Type1
FontName:DinKursivschriftBreit
FamilyName:Din Kursivschrift
StyleName:Breit
FullName:Din Kursivschrift Breit
MenuName:Din Kursivschrift
StyleBits:0
WritingScript:Roman
OutlineFileName:D:\41124Sandy\GitHub\MingBaiLab\Font\din-kursivschrift-fonts\DinKursivschriftBreit.otf
DataFormat:sfntData
UsesStandardEncoding:yes
isCFF:yes
hasSVG:no
VariableFontType:NonVariableFont
FileLength:91820
FileModTime:1681694324
WeightClass:400
WidthClass:5
AngleClass:0
NameArray:0,Mac,4,Din Kursivschrift Breit
NameArray:0,Win,1,Din Kursivschrift
%EndFont

%BeginFont
Handler:DirectoryHandler
FontType:Invalid
OutlineFileName:D:\41124Sandy\GitHub\MingBaiLab\Font\din-kursivschrift-webfont\DINKursivschriftEng.woff
FileModTime:1681694335
%EndFont

%BeginFont
Handler:DirectoryHandler
FontType:Invalid
OutlineFileName:D:\41124Sandy\GitHub\MingBaiLab\Font\din-kursivschrift-webfont\DinKursivschriftBreit.woff
FileModTime:1681694335
%EndFont

%BeginFont
Handler:DirectoryHandler
FontType:Invalid
OutlineFileName:D:\41124Sandy\GitHub\MingBaiLab\Font\din-kursivschrift-webfont\example.html
FileModTime:1681695483
%EndFont

%BeginFont
Handler:DirectoryHandler
FontType:Invalid
OutlineFileName:D:\41124Sandy\GitHub\MingBaiLab\Font\din-kursivschrift-webfont\style.css
FileModTime:1681695502
%EndFont

